

================================================================
== Vitis HLS Report for 'dataflow_in_loop_VITIS_LOOP_65_3_entry83'
================================================================
* Date:           Thu Jul 21 11:39:48 2022

* Version:        2020.1 (Build 2902540 on Wed May 27 20:16:15 MDT 2020)
* Project:        reuse_test
* Solution:       solution1 (Vivado IP Flow Target)
* Product family: virtexuplus
* Target device:  xcu200-fsgd2104-2-e


================================================================
== Performance Estimates
================================================================
+ Timing: 
    * Summary: 
    +--------+----------+----------+------------+
    |  Clock |  Target  | Estimated| Uncertainty|
    +--------+----------+----------+------------+
    |ap_clk  | 10.00 ns | 1.458 ns |   2.70 ns  |
    +--------+----------+----------+------------+

+ Latency: 
    * Summary: 
    +---------+---------+----------+----------+-----+-----+---------+
    |  Latency (cycles) |  Latency (absolute) |  Interval | Pipeline|
    |   min   |   max   |    min   |    max   | min | max |   Type  |
    +---------+---------+----------+----------+-----+-----+---------+
    |        0|        0|   0 ns   |   0 ns   |    0|    0|   none  |
    +---------+---------+----------+----------+-----+-----+---------+

    + Detail: 
        * Instance: 
        N/A

        * Loop: 
        N/A



================================================================
== Utilization Estimates
================================================================
* Summary: 
+---------------------+---------+------+---------+---------+-----+
|         Name        | BRAM_18K|  DSP |    FF   |   LUT   | URAM|
+---------------------+---------+------+---------+---------+-----+
|DSP                  |        -|     -|        -|        -|    -|
|Expression           |        -|     -|        0|        2|    -|
|FIFO                 |        -|     -|        -|        -|    -|
|Instance             |        -|     -|        -|        -|    -|
|Memory               |        -|     -|        -|        -|    -|
|Multiplexer          |        -|     -|        -|       63|    -|
|Register             |        -|     -|        3|        -|    -|
+---------------------+---------+------+---------+---------+-----+
|Total                |        0|     0|        3|       65|    0|
+---------------------+---------+------+---------+---------+-----+
|Available SLR        |     1440|  2280|   788160|   394080|  320|
+---------------------+---------+------+---------+---------+-----+
|Utilization SLR (%)  |        0|     0|    ~0   |    ~0   |    0|
+---------------------+---------+------+---------+---------+-----+
|Available            |     4320|  6840|  2364480|  1182240|  960|
+---------------------+---------+------+---------+---------+-----+
|Utilization (%)      |        0|     0|    ~0   |    ~0   |    0|
+---------------------+---------+------+---------+---------+-----+

+ Detail: 
    * Instance: 
    N/A

    * DSP: 
    N/A

    * Memory: 
    N/A

    * FIFO: 
    N/A

    * Expression: 
    +-----------------+----------+----+---+----+------------+------------+
    |  Variable Name  | Operation| DSP| FF| LUT| Bitwidth P0| Bitwidth P1|
    +-----------------+----------+----+---+----+------------+------------+
    |ap_block_state1  |    or    |   0|  0|   2|           1|           1|
    +-----------------+----------+----+---+----+------------+------------+
    |Total            |          |   0|  0|   2|           1|           1|
    +-----------------+----------+----+---+----+------------+------------+

    * Multiplexer: 
    +---------------------+----+-----------+-----+-----------+
    |         Name        | LUT| Input Size| Bits| Total Bits|
    +---------------------+----+-----------+-----+-----------+
    |ap_done              |   9|          2|    1|          2|
    |real_start           |   9|          2|    1|          2|
    |tilen_out_blk_n      |   9|          2|    1|          2|
    |tilenuma_out1_blk_n  |   9|          2|    1|          2|
    |tilenuma_out_blk_n   |   9|          2|    1|          2|
    |tilenumc_out2_blk_n  |   9|          2|    1|          2|
    |tilenumc_out_blk_n   |   9|          2|    1|          2|
    +---------------------+----+-----------+-----+-----------+
    |Total                |  63|         14|    7|         14|
    +---------------------+----+-----------+-----+-----------+

    * Register: 
    +----------------+---+----+-----+-----------+
    |      Name      | FF| LUT| Bits| Const Bits|
    +----------------+---+----+-----+-----------+
    |ap_CS_fsm       |  1|   0|    1|          0|
    |ap_done_reg     |  1|   0|    1|          0|
    |start_once_reg  |  1|   0|    1|          0|
    +----------------+---+----+-----+-----------+
    |Total           |  3|   0|    3|          0|
    +----------------+---+----+-----+-----------+



================================================================
== Interface
================================================================
* Summary: 
+----------------------+-----+-----+------------+------------------------------------------+--------------+
|       RTL Ports      | Dir | Bits|  Protocol  |               Source Object              |    C Type    |
+----------------------+-----+-----+------------+------------------------------------------+--------------+
|ap_clk                |  in |    1| ap_ctrl_hs | dataflow_in_loop_VITIS_LOOP_65_3.entry83 | return value |
|ap_rst                |  in |    1| ap_ctrl_hs | dataflow_in_loop_VITIS_LOOP_65_3.entry83 | return value |
|ap_start              |  in |    1| ap_ctrl_hs | dataflow_in_loop_VITIS_LOOP_65_3.entry83 | return value |
|start_full_n          |  in |    1| ap_ctrl_hs | dataflow_in_loop_VITIS_LOOP_65_3.entry83 | return value |
|ap_done               | out |    1| ap_ctrl_hs | dataflow_in_loop_VITIS_LOOP_65_3.entry83 | return value |
|ap_continue           |  in |    1| ap_ctrl_hs | dataflow_in_loop_VITIS_LOOP_65_3.entry83 | return value |
|ap_idle               | out |    1| ap_ctrl_hs | dataflow_in_loop_VITIS_LOOP_65_3.entry83 | return value |
|ap_ready              | out |    1| ap_ctrl_hs | dataflow_in_loop_VITIS_LOOP_65_3.entry83 | return value |
|start_out             | out |    1| ap_ctrl_hs | dataflow_in_loop_VITIS_LOOP_65_3.entry83 | return value |
|start_write           | out |    1| ap_ctrl_hs | dataflow_in_loop_VITIS_LOOP_65_3.entry83 | return value |
|tilenuma              |  in |   32|   ap_none  |                 tilenuma                 |    scalar    |
|tilen                 |  in |   32|   ap_none  |                   tilen                  |    scalar    |
|tilenumc              |  in |   32|   ap_none  |                 tilenumc                 |    scalar    |
|tilenuma_out_din      | out |   32|   ap_fifo  |               tilenuma_out               |    pointer   |
|tilenuma_out_full_n   |  in |    1|   ap_fifo  |               tilenuma_out               |    pointer   |
|tilenuma_out_write    | out |    1|   ap_fifo  |               tilenuma_out               |    pointer   |
|tilenuma_out1_din     | out |   32|   ap_fifo  |               tilenuma_out1              |    pointer   |
|tilenuma_out1_full_n  |  in |    1|   ap_fifo  |               tilenuma_out1              |    pointer   |
|tilenuma_out1_write   | out |    1|   ap_fifo  |               tilenuma_out1              |    pointer   |
|tilen_out_din         | out |   32|   ap_fifo  |                 tilen_out                |    pointer   |
|tilen_out_full_n      |  in |    1|   ap_fifo  |                 tilen_out                |    pointer   |
|tilen_out_write       | out |    1|   ap_fifo  |                 tilen_out                |    pointer   |
|tilenumc_out_din      | out |   32|   ap_fifo  |               tilenumc_out               |    pointer   |
|tilenumc_out_full_n   |  in |    1|   ap_fifo  |               tilenumc_out               |    pointer   |
|tilenumc_out_write    | out |    1|   ap_fifo  |               tilenumc_out               |    pointer   |
|tilenumc_out2_din     | out |   32|   ap_fifo  |               tilenumc_out2              |    pointer   |
|tilenumc_out2_full_n  |  in |    1|   ap_fifo  |               tilenumc_out2              |    pointer   |
|tilenumc_out2_write   | out |    1|   ap_fifo  |               tilenumc_out2              |    pointer   |
+----------------------+-----+-----+------------+------------------------------------------+--------------+

