

================================================================
== Vitis HLS Report for 'store_c'
================================================================
* Date:           Thu Jul 21 11:39:50 2022

* Version:        2020.1 (Build 2902540 on Wed May 27 20:16:15 MDT 2020)
* Project:        reuse_test
* Solution:       solution1 (Vivado IP Flow Target)
* Product family: virtexuplus
* Target device:  xcu200-fsgd2104-2-e


================================================================
== Performance Estimates
================================================================
+ Timing: 
    * Summary: 
    +--------+----------+----------+------------+
    |  Clock |  Target  | Estimated| Uncertainty|
    +--------+----------+----------+------------+
    |ap_clk  | 10.00 ns | 4.628 ns |   2.70 ns  |
    +--------+----------+----------+------------+

+ Latency: 
    * Summary: 
    +---------+---------+----------+----------+-----+-----+---------+
    |  Latency (cycles) |  Latency (absolute) |  Interval | Pipeline|
    |   min   |   max   |    min   |    max   | min | max |   Type  |
    +---------+---------+----------+----------+-----+-----+---------+
    |        ?|        ?|         ?|         ?|    ?|    ?|   none  |
    +---------+---------+----------+----------+-----+-----+---------+

    + Detail: 
        * Instance: 
        N/A

        * Loop: 
        +-----------------------------------+---------+---------+----------+-----------+-----------+------+----------+
        |                                   |  Latency (cycles) | Iteration|  Initiation Interval  | Trip |          |
        |             Loop Name             |   min   |   max   |  Latency |  achieved |   target  | Count| Pipelined|
        +-----------------------------------+---------+---------+----------+-----------+-----------+------+----------+
        |- VITIS_LOOP_25_1_VITIS_LOOP_26_2  |        ?|        ?|       985|          1|          1|     ?|    yes   |
        +-----------------------------------+---------+---------+----------+-----------+-----------+------+----------+



================================================================
== Utilization Estimates
================================================================
* Summary: 
+---------------------+---------+------+---------+---------+-----+
|         Name        | BRAM_18K|  DSP |    FF   |   LUT   | URAM|
+---------------------+---------+------+---------+---------+-----+
|DSP                  |        -|     1|        -|        -|    -|
|Expression           |        -|     -|        0|      305|    -|
|FIFO                 |        -|     -|        -|        -|    -|
|Instance             |        -|     4|        0|       20|    -|
|Memory               |        -|     -|        -|        -|    -|
|Multiplexer          |        -|     -|        -|      111|    -|
|Register             |        -|     -|     1427|       64|    -|
+---------------------+---------+------+---------+---------+-----+
|Total                |        0|     5|     1427|      500|    0|
+---------------------+---------+------+---------+---------+-----+
|Available SLR        |     1440|  2280|   788160|   394080|  320|
+---------------------+---------+------+---------+---------+-----+
|Utilization SLR (%)  |        0|  ~0  |    ~0   |    ~0   |    0|
+---------------------+---------+------+---------+---------+-----+
|Available            |     4320|  6840|  2364480|  1182240|  960|
+---------------------+---------+------+---------+---------+-----+
|Utilization (%)      |        0|  ~0  |    ~0   |    ~0   |    0|
+---------------------+---------+------+---------+---------+-----+

+ Detail: 
    * Instance: 
    +--------------------------+----------------------+---------+----+---+----+-----+
    |         Instance         |        Module        | BRAM_18K| DSP| FF| LUT| URAM|
    +--------------------------+----------------------+---------+----+---+----+-----+
    |mul_32ns_32ns_64_1_1_U46  |mul_32ns_32ns_64_1_1  |        0|   4|  0|  20|    0|
    +--------------------------+----------------------+---------+----+---+----+-----+
    |Total                     |                      |        0|   4|  0|  20|    0|
    +--------------------------+----------------------+---------+----+---+----+-----+

    * DSP: 
    +--------------------------------+----------------------------+--------------+
    |            Instance            |           Module           |  Expression  |
    +--------------------------------+----------------------------+--------------+
    |mac_muladd_7s_7s_7ns_7_4_1_U47  |mac_muladd_7s_7s_7ns_7_4_1  | i0 + i1 * i2 |
    +--------------------------------+----------------------------+--------------+

    * Memory: 
    N/A

    * FIFO: 
    N/A

    * Expression: 
    +-------------------------+----------+----+---+----+------------+------------+
    |      Variable Name      | Operation| DSP| FF| LUT| Bitwidth P0| Bitwidth P1|
    +-------------------------+----------+----+---+----+------------+------------+
    |add_ln25_1_fu_173_p2     |     +    |   0|  0|  39|           1|          32|
    |add_ln25_fu_154_p2       |     +    |   0|  0|  71|          64|           1|
    |add_ln26_fu_195_p2       |     +    |   0|  0|  39|           1|          32|
    |add_ln30_1_fu_205_p2     |     +    |   0|  0|  39|          32|          32|
    |icmp_ln25_fu_149_p2      |   icmp   |   0|  0|  29|          64|          64|
    |icmp_ln26_fu_160_p2      |   icmp   |   0|  0|  20|          32|          32|
    |ap_block_state1          |    or    |   0|  0|   2|           1|           1|
    |select_ln25_1_fu_179_p3  |  select  |   0|  0|  32|           1|          32|
    |select_ln25_fu_165_p3    |  select  |   0|  0|  32|           1|           1|
    |ap_enable_pp0            |    xor   |   0|  0|   2|           1|           2|
    +-------------------------+----------+----+---+----+------------+------------+
    |Total                    |          |   0|  0| 305|         198|         229|
    +-------------------------+----------+----+---+----+------------+------------+

    * Multiplexer: 
    +----------------------------+----+-----------+-----+-----------+
    |            Name            | LUT| Input Size| Bits| Total Bits|
    +----------------------------+----+-----------+-----+-----------+
    |C_o                         |   9|          2|   32|         64|
    |ap_NS_fsm                   |  21|          4|    1|          4|
    |ap_done                     |   9|          2|    1|          2|
    |ap_enable_reg_pp0_iter981   |   9|          2|    1|          2|
    |ap_enable_reg_pp0_iter984   |   9|          2|    1|          2|
    |ap_phi_mux_i_phi_fu_113_p4  |   9|          2|   32|         64|
    |i_reg_109                   |   9|          2|   32|         64|
    |indvar_flatten_reg_98       |   9|          2|   64|        128|
    |j_reg_120                   |   9|          2|   32|         64|
    |tilen_blk_n                 |   9|          2|    1|          2|
    |tilenumc_blk_n              |   9|          2|    1|          2|
    +----------------------------+----+-----------+-----+-----------+
    |Total                       | 111|         24|  198|        398|
    +----------------------------+----+-----------+-----+-----------+

    * Register: 
    +----------------------------------+----+----+-----+-----------+
    |               Name               | FF | LUT| Bits| Const Bits|
    +----------------------------------+----+----+-----+-----------+
    |C_read_reg_242                    |  32|   0|   32|          0|
    |ap_CS_fsm                         |   3|   0|    3|          0|
    |ap_done_reg                       |   1|   0|    1|          0|
    |ap_enable_reg_pp0_iter0           |   1|   0|    1|          0|
    |ap_enable_reg_pp0_iter1           |   1|   0|    1|          0|
    |ap_enable_reg_pp0_iter10          |   1|   0|    1|          0|
    |ap_enable_reg_pp0_iter100         |   1|   0|    1|          0|
    |ap_enable_reg_pp0_iter101         |   1|   0|    1|          0|
    |ap_enable_reg_pp0_iter102         |   1|   0|    1|          0|
    |ap_enable_reg_pp0_iter103         |   1|   0|    1|          0|
    |ap_enable_reg_pp0_iter104         |   1|   0|    1|          0|
    |ap_enable_reg_pp0_iter105         |   1|   0|    1|          0|
    |ap_enable_reg_pp0_iter106         |   1|   0|    1|          0|
    |ap_enable_reg_pp0_iter107         |   1|   0|    1|          0|
    |ap_enable_reg_pp0_iter108         |   1|   0|    1|          0|
    |ap_enable_reg_pp0_iter109         |   1|   0|    1|          0|
    |ap_enable_reg_pp0_iter11          |   1|   0|    1|          0|
    |ap_enable_reg_pp0_iter110         |   1|   0|    1|          0|
    |ap_enable_reg_pp0_iter111         |   1|   0|    1|          0|
    |ap_enable_reg_pp0_iter112         |   1|   0|    1|          0|
    |ap_enable_reg_pp0_iter113         |   1|   0|    1|          0|
    |ap_enable_reg_pp0_iter114         |   1|   0|    1|          0|
    |ap_enable_reg_pp0_iter115         |   1|   0|    1|          0|
    |ap_enable_reg_pp0_iter116         |   1|   0|    1|          0|
    |ap_enable_reg_pp0_iter117         |   1|   0|    1|          0|
    |ap_enable_reg_pp0_iter118         |   1|   0|    1|          0|
    |ap_enable_reg_pp0_iter119         |   1|   0|    1|          0|
    |ap_enable_reg_pp0_iter12          |   1|   0|    1|          0|
    |ap_enable_reg_pp0_iter120         |   1|   0|    1|          0|
    |ap_enable_reg_pp0_iter121         |   1|   0|    1|          0|
    |ap_enable_reg_pp0_iter122         |   1|   0|    1|          0|
    |ap_enable_reg_pp0_iter123         |   1|   0|    1|          0|
    |ap_enable_reg_pp0_iter124         |   1|   0|    1|          0|
    |ap_enable_reg_pp0_iter125         |   1|   0|    1|          0|
    |ap_enable_reg_pp0_iter126         |   1|   0|    1|          0|
    |ap_enable_reg_pp0_iter127         |   1|   0|    1|          0|
    |ap_enable_reg_pp0_iter128         |   1|   0|    1|          0|
    |ap_enable_reg_pp0_iter129         |   1|   0|    1|          0|
    |ap_enable_reg_pp0_iter13          |   1|   0|    1|          0|
    |ap_enable_reg_pp0_iter130         |   1|   0|    1|          0|
    |ap_enable_reg_pp0_iter131         |   1|   0|    1|          0|
    |ap_enable_reg_pp0_iter132         |   1|   0|    1|          0|
    |ap_enable_reg_pp0_iter133         |   1|   0|    1|          0|
    |ap_enable_reg_pp0_iter134         |   1|   0|    1|          0|
    |ap_enable_reg_pp0_iter135         |   1|   0|    1|          0|
    |ap_enable_reg_pp0_iter136         |   1|   0|    1|          0|
    |ap_enable_reg_pp0_iter137         |   1|   0|    1|          0|
    |ap_enable_reg_pp0_iter138         |   1|   0|    1|          0|
    |ap_enable_reg_pp0_iter139         |   1|   0|    1|          0|
    |ap_enable_reg_pp0_iter14          |   1|   0|    1|          0|
    |ap_enable_reg_pp0_iter140         |   1|   0|    1|          0|
    |ap_enable_reg_pp0_iter141         |   1|   0|    1|          0|
    |ap_enable_reg_pp0_iter142         |   1|   0|    1|          0|
    |ap_enable_reg_pp0_iter143         |   1|   0|    1|          0|
    |ap_enable_reg_pp0_iter144         |   1|   0|    1|          0|
    |ap_enable_reg_pp0_iter145         |   1|   0|    1|          0|
    |ap_enable_reg_pp0_iter146         |   1|   0|    1|          0|
    |ap_enable_reg_pp0_iter147         |   1|   0|    1|          0|
    |ap_enable_reg_pp0_iter148         |   1|   0|    1|          0|
    |ap_enable_reg_pp0_iter149         |   1|   0|    1|          0|
    |ap_enable_reg_pp0_iter15          |   1|   0|    1|          0|
    |ap_enable_reg_pp0_iter150         |   1|   0|    1|          0|
    |ap_enable_reg_pp0_iter151         |   1|   0|    1|          0|
    |ap_enable_reg_pp0_iter152         |   1|   0|    1|          0|
    |ap_enable_reg_pp0_iter153         |   1|   0|    1|          0|
    |ap_enable_reg_pp0_iter154         |   1|   0|    1|          0|
    |ap_enable_reg_pp0_iter155         |   1|   0|    1|          0|
    |ap_enable_reg_pp0_iter156         |   1|   0|    1|          0|
    |ap_enable_reg_pp0_iter157         |   1|   0|    1|          0|
    |ap_enable_reg_pp0_iter158         |   1|   0|    1|          0|
    |ap_enable_reg_pp0_iter159         |   1|   0|    1|          0|
    |ap_enable_reg_pp0_iter16          |   1|   0|    1|          0|
    |ap_enable_reg_pp0_iter160         |   1|   0|    1|          0|
    |ap_enable_reg_pp0_iter161         |   1|   0|    1|          0|
    |ap_enable_reg_pp0_iter162         |   1|   0|    1|          0|
    |ap_enable_reg_pp0_iter163         |   1|   0|    1|          0|
    |ap_enable_reg_pp0_iter164         |   1|   0|    1|          0|
    |ap_enable_reg_pp0_iter165         |   1|   0|    1|          0|
    |ap_enable_reg_pp0_iter166         |   1|   0|    1|          0|
    |ap_enable_reg_pp0_iter167         |   1|   0|    1|          0|
    |ap_enable_reg_pp0_iter168         |   1|   0|    1|          0|
    |ap_enable_reg_pp0_iter169         |   1|   0|    1|          0|
    |ap_enable_reg_pp0_iter17          |   1|   0|    1|          0|
    |ap_enable_reg_pp0_iter170         |   1|   0|    1|          0|
    |ap_enable_reg_pp0_iter171         |   1|   0|    1|          0|
    |ap_enable_reg_pp0_iter172         |   1|   0|    1|          0|
    |ap_enable_reg_pp0_iter173         |   1|   0|    1|          0|
    |ap_enable_reg_pp0_iter174         |   1|   0|    1|          0|
    |ap_enable_reg_pp0_iter175         |   1|   0|    1|          0|
    |ap_enable_reg_pp0_iter176         |   1|   0|    1|          0|
    |ap_enable_reg_pp0_iter177         |   1|   0|    1|          0|
    |ap_enable_reg_pp0_iter178         |   1|   0|    1|          0|
    |ap_enable_reg_pp0_iter179         |   1|   0|    1|          0|
    |ap_enable_reg_pp0_iter18          |   1|   0|    1|          0|
    |ap_enable_reg_pp0_iter180         |   1|   0|    1|          0|
    |ap_enable_reg_pp0_iter181         |   1|   0|    1|          0|
    |ap_enable_reg_pp0_iter182         |   1|   0|    1|          0|
    |ap_enable_reg_pp0_iter183         |   1|   0|    1|          0|
    |ap_enable_reg_pp0_iter184         |   1|   0|    1|          0|
    |ap_enable_reg_pp0_iter185         |   1|   0|    1|          0|
    |ap_enable_reg_pp0_iter186         |   1|   0|    1|          0|
    |ap_enable_reg_pp0_iter187         |   1|   0|    1|          0|
    |ap_enable_reg_pp0_iter188         |   1|   0|    1|          0|
    |ap_enable_reg_pp0_iter189         |   1|   0|    1|          0|
    |ap_enable_reg_pp0_iter19          |   1|   0|    1|          0|
    |ap_enable_reg_pp0_iter190         |   1|   0|    1|          0|
    |ap_enable_reg_pp0_iter191         |   1|   0|    1|          0|
    |ap_enable_reg_pp0_iter192         |   1|   0|    1|          0|
    |ap_enable_reg_pp0_iter193         |   1|   0|    1|          0|
    |ap_enable_reg_pp0_iter194         |   1|   0|    1|          0|
    |ap_enable_reg_pp0_iter195         |   1|   0|    1|          0|
    |ap_enable_reg_pp0_iter196         |   1|   0|    1|          0|
    |ap_enable_reg_pp0_iter197         |   1|   0|    1|          0|
    |ap_enable_reg_pp0_iter198         |   1|   0|    1|          0|
    |ap_enable_reg_pp0_iter199         |   1|   0|    1|          0|
    |ap_enable_reg_pp0_iter2           |   1|   0|    1|          0|
    |ap_enable_reg_pp0_iter20          |   1|   0|    1|          0|
    |ap_enable_reg_pp0_iter200         |   1|   0|    1|          0|
    |ap_enable_reg_pp0_iter201         |   1|   0|    1|          0|
    |ap_enable_reg_pp0_iter202         |   1|   0|    1|          0|
    |ap_enable_reg_pp0_iter203         |   1|   0|    1|          0|
    |ap_enable_reg_pp0_iter204         |   1|   0|    1|          0|
    |ap_enable_reg_pp0_iter205         |   1|   0|    1|          0|
    |ap_enable_reg_pp0_iter206         |   1|   0|    1|          0|
    |ap_enable_reg_pp0_iter207         |   1|   0|    1|          0|
    |ap_enable_reg_pp0_iter208         |   1|   0|    1|          0|
    |ap_enable_reg_pp0_iter209         |   1|   0|    1|          0|
    |ap_enable_reg_pp0_iter21          |   1|   0|    1|          0|
    |ap_enable_reg_pp0_iter210         |   1|   0|    1|          0|
    |ap_enable_reg_pp0_iter211         |   1|   0|    1|          0|
    |ap_enable_reg_pp0_iter212         |   1|   0|    1|          0|
    |ap_enable_reg_pp0_iter213         |   1|   0|    1|          0|
    |ap_enable_reg_pp0_iter214         |   1|   0|    1|          0|
    |ap_enable_reg_pp0_iter215         |   1|   0|    1|          0|
    |ap_enable_reg_pp0_iter216         |   1|   0|    1|          0|
    |ap_enable_reg_pp0_iter217         |   1|   0|    1|          0|
    |ap_enable_reg_pp0_iter218         |   1|   0|    1|          0|
    |ap_enable_reg_pp0_iter219         |   1|   0|    1|          0|
    |ap_enable_reg_pp0_iter22          |   1|   0|    1|          0|
    |ap_enable_reg_pp0_iter220         |   1|   0|    1|          0|
    |ap_enable_reg_pp0_iter221         |   1|   0|    1|          0|
    |ap_enable_reg_pp0_iter222         |   1|   0|    1|          0|
    |ap_enable_reg_pp0_iter223         |   1|   0|    1|          0|
    |ap_enable_reg_pp0_iter224         |   1|   0|    1|          0|
    |ap_enable_reg_pp0_iter225         |   1|   0|    1|          0|
    |ap_enable_reg_pp0_iter226         |   1|   0|    1|          0|
    |ap_enable_reg_pp0_iter227         |   1|   0|    1|          0|
    |ap_enable_reg_pp0_iter228         |   1|   0|    1|          0|
    |ap_enable_reg_pp0_iter229         |   1|   0|    1|          0|
    |ap_enable_reg_pp0_iter23          |   1|   0|    1|          0|
    |ap_enable_reg_pp0_iter230         |   1|   0|    1|          0|
    |ap_enable_reg_pp0_iter231         |   1|   0|    1|          0|
    |ap_enable_reg_pp0_iter232         |   1|   0|    1|          0|
    |ap_enable_reg_pp0_iter233         |   1|   0|    1|          0|
    |ap_enable_reg_pp0_iter234         |   1|   0|    1|          0|
    |ap_enable_reg_pp0_iter235         |   1|   0|    1|          0|
    |ap_enable_reg_pp0_iter236         |   1|   0|    1|          0|
    |ap_enable_reg_pp0_iter237         |   1|   0|    1|          0|
    |ap_enable_reg_pp0_iter238         |   1|   0|    1|          0|
    |ap_enable_reg_pp0_iter239         |   1|   0|    1|          0|
    |ap_enable_reg_pp0_iter24          |   1|   0|    1|          0|
    |ap_enable_reg_pp0_iter240         |   1|   0|    1|          0|
    |ap_enable_reg_pp0_iter241         |   1|   0|    1|          0|
    |ap_enable_reg_pp0_iter242         |   1|   0|    1|          0|
    |ap_enable_reg_pp0_iter243         |   1|   0|    1|          0|
    |ap_enable_reg_pp0_iter244         |   1|   0|    1|          0|
    |ap_enable_reg_pp0_iter245         |   1|   0|    1|          0|
    |ap_enable_reg_pp0_iter246         |   1|   0|    1|          0|
    |ap_enable_reg_pp0_iter247         |   1|   0|    1|          0|
    |ap_enable_reg_pp0_iter248         |   1|   0|    1|          0|
    |ap_enable_reg_pp0_iter249         |   1|   0|    1|          0|
    |ap_enable_reg_pp0_iter25          |   1|   0|    1|          0|
    |ap_enable_reg_pp0_iter250         |   1|   0|    1|          0|
    |ap_enable_reg_pp0_iter251         |   1|   0|    1|          0|
    |ap_enable_reg_pp0_iter252         |   1|   0|    1|          0|
    |ap_enable_reg_pp0_iter253         |   1|   0|    1|          0|
    |ap_enable_reg_pp0_iter254         |   1|   0|    1|          0|
    |ap_enable_reg_pp0_iter255         |   1|   0|    1|          0|
    |ap_enable_reg_pp0_iter256         |   1|   0|    1|          0|
    |ap_enable_reg_pp0_iter257         |   1|   0|    1|          0|
    |ap_enable_reg_pp0_iter258         |   1|   0|    1|          0|
    |ap_enable_reg_pp0_iter259         |   1|   0|    1|          0|
    |ap_enable_reg_pp0_iter26          |   1|   0|    1|          0|
    |ap_enable_reg_pp0_iter260         |   1|   0|    1|          0|
    |ap_enable_reg_pp0_iter261         |   1|   0|    1|          0|
    |ap_enable_reg_pp0_iter262         |   1|   0|    1|          0|
    |ap_enable_reg_pp0_iter263         |   1|   0|    1|          0|
    |ap_enable_reg_pp0_iter264         |   1|   0|    1|          0|
    |ap_enable_reg_pp0_iter265         |   1|   0|    1|          0|
    |ap_enable_reg_pp0_iter266         |   1|   0|    1|          0|
    |ap_enable_reg_pp0_iter267         |   1|   0|    1|          0|
    |ap_enable_reg_pp0_iter268         |   1|   0|    1|          0|
    |ap_enable_reg_pp0_iter269         |   1|   0|    1|          0|
    |ap_enable_reg_pp0_iter27          |   1|   0|    1|          0|
    |ap_enable_reg_pp0_iter270         |   1|   0|    1|          0|
    |ap_enable_reg_pp0_iter271         |   1|   0|    1|          0|
    |ap_enable_reg_pp0_iter272         |   1|   0|    1|          0|
    |ap_enable_reg_pp0_iter273         |   1|   0|    1|          0|
    |ap_enable_reg_pp0_iter274         |   1|   0|    1|          0|
    |ap_enable_reg_pp0_iter275         |   1|   0|    1|          0|
    |ap_enable_reg_pp0_iter276         |   1|   0|    1|          0|
    |ap_enable_reg_pp0_iter277         |   1|   0|    1|          0|
    |ap_enable_reg_pp0_iter278         |   1|   0|    1|          0|
    |ap_enable_reg_pp0_iter279         |   1|   0|    1|          0|
    |ap_enable_reg_pp0_iter28          |   1|   0|    1|          0|
    |ap_enable_reg_pp0_iter280         |   1|   0|    1|          0|
    |ap_enable_reg_pp0_iter281         |   1|   0|    1|          0|
    |ap_enable_reg_pp0_iter282         |   1|   0|    1|          0|
    |ap_enable_reg_pp0_iter283         |   1|   0|    1|          0|
    |ap_enable_reg_pp0_iter284         |   1|   0|    1|          0|
    |ap_enable_reg_pp0_iter285         |   1|   0|    1|          0|
    |ap_enable_reg_pp0_iter286         |   1|   0|    1|          0|
    |ap_enable_reg_pp0_iter287         |   1|   0|    1|          0|
    |ap_enable_reg_pp0_iter288         |   1|   0|    1|          0|
    |ap_enable_reg_pp0_iter289         |   1|   0|    1|          0|
    |ap_enable_reg_pp0_iter29          |   1|   0|    1|          0|
    |ap_enable_reg_pp0_iter290         |   1|   0|    1|          0|
    |ap_enable_reg_pp0_iter291         |   1|   0|    1|          0|
    |ap_enable_reg_pp0_iter292         |   1|   0|    1|          0|
    |ap_enable_reg_pp0_iter293         |   1|   0|    1|          0|
    |ap_enable_reg_pp0_iter294         |   1|   0|    1|          0|
    |ap_enable_reg_pp0_iter295         |   1|   0|    1|          0|
    |ap_enable_reg_pp0_iter296         |   1|   0|    1|          0|
    |ap_enable_reg_pp0_iter297         |   1|   0|    1|          0|
    |ap_enable_reg_pp0_iter298         |   1|   0|    1|          0|
    |ap_enable_reg_pp0_iter299         |   1|   0|    1|          0|
    |ap_enable_reg_pp0_iter3           |   1|   0|    1|          0|
    |ap_enable_reg_pp0_iter30          |   1|   0|    1|          0|
    |ap_enable_reg_pp0_iter300         |   1|   0|    1|          0|
    |ap_enable_reg_pp0_iter301         |   1|   0|    1|          0|
    |ap_enable_reg_pp0_iter302         |   1|   0|    1|          0|
    |ap_enable_reg_pp0_iter303         |   1|   0|    1|          0|
    |ap_enable_reg_pp0_iter304         |   1|   0|    1|          0|
    |ap_enable_reg_pp0_iter305         |   1|   0|    1|          0|
    |ap_enable_reg_pp0_iter306         |   1|   0|    1|          0|
    |ap_enable_reg_pp0_iter307         |   1|   0|    1|          0|
    |ap_enable_reg_pp0_iter308         |   1|   0|    1|          0|
    |ap_enable_reg_pp0_iter309         |   1|   0|    1|          0|
    |ap_enable_reg_pp0_iter31          |   1|   0|    1|          0|
    |ap_enable_reg_pp0_iter310         |   1|   0|    1|          0|
    |ap_enable_reg_pp0_iter311         |   1|   0|    1|          0|
    |ap_enable_reg_pp0_iter312         |   1|   0|    1|          0|
    |ap_enable_reg_pp0_iter313         |   1|   0|    1|          0|
    |ap_enable_reg_pp0_iter314         |   1|   0|    1|          0|
    |ap_enable_reg_pp0_iter315         |   1|   0|    1|          0|
    |ap_enable_reg_pp0_iter316         |   1|   0|    1|          0|
    |ap_enable_reg_pp0_iter317         |   1|   0|    1|          0|
    |ap_enable_reg_pp0_iter318         |   1|   0|    1|          0|
    |ap_enable_reg_pp0_iter319         |   1|   0|    1|          0|
    |ap_enable_reg_pp0_iter32          |   1|   0|    1|          0|
    |ap_enable_reg_pp0_iter320         |   1|   0|    1|          0|
    |ap_enable_reg_pp0_iter321         |   1|   0|    1|          0|
    |ap_enable_reg_pp0_iter322         |   1|   0|    1|          0|
    |ap_enable_reg_pp0_iter323         |   1|   0|    1|          0|
    |ap_enable_reg_pp0_iter324         |   1|   0|    1|          0|
    |ap_enable_reg_pp0_iter325         |   1|   0|    1|          0|
    |ap_enable_reg_pp0_iter326         |   1|   0|    1|          0|
    |ap_enable_reg_pp0_iter327         |   1|   0|    1|          0|
    |ap_enable_reg_pp0_iter328         |   1|   0|    1|          0|
    |ap_enable_reg_pp0_iter329         |   1|   0|    1|          0|
    |ap_enable_reg_pp0_iter33          |   1|   0|    1|          0|
    |ap_enable_reg_pp0_iter330         |   1|   0|    1|          0|
    |ap_enable_reg_pp0_iter331         |   1|   0|    1|          0|
    |ap_enable_reg_pp0_iter332         |   1|   0|    1|          0|
    |ap_enable_reg_pp0_iter333         |   1|   0|    1|          0|
    |ap_enable_reg_pp0_iter334         |   1|   0|    1|          0|
    |ap_enable_reg_pp0_iter335         |   1|   0|    1|          0|
    |ap_enable_reg_pp0_iter336         |   1|   0|    1|          0|
    |ap_enable_reg_pp0_iter337         |   1|   0|    1|          0|
    |ap_enable_reg_pp0_iter338         |   1|   0|    1|          0|
    |ap_enable_reg_pp0_iter339         |   1|   0|    1|          0|
    |ap_enable_reg_pp0_iter34          |   1|   0|    1|          0|
    |ap_enable_reg_pp0_iter340         |   1|   0|    1|          0|
    |ap_enable_reg_pp0_iter341         |   1|   0|    1|          0|
    |ap_enable_reg_pp0_iter342         |   1|   0|    1|          0|
    |ap_enable_reg_pp0_iter343         |   1|   0|    1|          0|
    |ap_enable_reg_pp0_iter344         |   1|   0|    1|          0|
    |ap_enable_reg_pp0_iter345         |   1|   0|    1|          0|
    |ap_enable_reg_pp0_iter346         |   1|   0|    1|          0|
    |ap_enable_reg_pp0_iter347         |   1|   0|    1|          0|
    |ap_enable_reg_pp0_iter348         |   1|   0|    1|          0|
    |ap_enable_reg_pp0_iter349         |   1|   0|    1|          0|
    |ap_enable_reg_pp0_iter35          |   1|   0|    1|          0|
    |ap_enable_reg_pp0_iter350         |   1|   0|    1|          0|
    |ap_enable_reg_pp0_iter351         |   1|   0|    1|          0|
    |ap_enable_reg_pp0_iter352         |   1|   0|    1|          0|
    |ap_enable_reg_pp0_iter353         |   1|   0|    1|          0|
    |ap_enable_reg_pp0_iter354         |   1|   0|    1|          0|
    |ap_enable_reg_pp0_iter355         |   1|   0|    1|          0|
    |ap_enable_reg_pp0_iter356         |   1|   0|    1|          0|
    |ap_enable_reg_pp0_iter357         |   1|   0|    1|          0|
    |ap_enable_reg_pp0_iter358         |   1|   0|    1|          0|
    |ap_enable_reg_pp0_iter359         |   1|   0|    1|          0|
    |ap_enable_reg_pp0_iter36          |   1|   0|    1|          0|
    |ap_enable_reg_pp0_iter360         |   1|   0|    1|          0|
    |ap_enable_reg_pp0_iter361         |   1|   0|    1|          0|
    |ap_enable_reg_pp0_iter362         |   1|   0|    1|          0|
    |ap_enable_reg_pp0_iter363         |   1|   0|    1|          0|
    |ap_enable_reg_pp0_iter364         |   1|   0|    1|          0|
    |ap_enable_reg_pp0_iter365         |   1|   0|    1|          0|
    |ap_enable_reg_pp0_iter366         |   1|   0|    1|          0|
    |ap_enable_reg_pp0_iter367         |   1|   0|    1|          0|
    |ap_enable_reg_pp0_iter368         |   1|   0|    1|          0|
    |ap_enable_reg_pp0_iter369         |   1|   0|    1|          0|
    |ap_enable_reg_pp0_iter37          |   1|   0|    1|          0|
    |ap_enable_reg_pp0_iter370         |   1|   0|    1|          0|
    |ap_enable_reg_pp0_iter371         |   1|   0|    1|          0|
    |ap_enable_reg_pp0_iter372         |   1|   0|    1|          0|
    |ap_enable_reg_pp0_iter373         |   1|   0|    1|          0|
    |ap_enable_reg_pp0_iter374         |   1|   0|    1|          0|
    |ap_enable_reg_pp0_iter375         |   1|   0|    1|          0|
    |ap_enable_reg_pp0_iter376         |   1|   0|    1|          0|
    |ap_enable_reg_pp0_iter377         |   1|   0|    1|          0|
    |ap_enable_reg_pp0_iter378         |   1|   0|    1|          0|
    |ap_enable_reg_pp0_iter379         |   1|   0|    1|          0|
    |ap_enable_reg_pp0_iter38          |   1|   0|    1|          0|
    |ap_enable_reg_pp0_iter380         |   1|   0|    1|          0|
    |ap_enable_reg_pp0_iter381         |   1|   0|    1|          0|
    |ap_enable_reg_pp0_iter382         |   1|   0|    1|          0|
    |ap_enable_reg_pp0_iter383         |   1|   0|    1|          0|
    |ap_enable_reg_pp0_iter384         |   1|   0|    1|          0|
    |ap_enable_reg_pp0_iter385         |   1|   0|    1|          0|
    |ap_enable_reg_pp0_iter386         |   1|   0|    1|          0|
    |ap_enable_reg_pp0_iter387         |   1|   0|    1|          0|
    |ap_enable_reg_pp0_iter388         |   1|   0|    1|          0|
    |ap_enable_reg_pp0_iter389         |   1|   0|    1|          0|
    |ap_enable_reg_pp0_iter39          |   1|   0|    1|          0|
    |ap_enable_reg_pp0_iter390         |   1|   0|    1|          0|
    |ap_enable_reg_pp0_iter391         |   1|   0|    1|          0|
    |ap_enable_reg_pp0_iter392         |   1|   0|    1|          0|
    |ap_enable_reg_pp0_iter393         |   1|   0|    1|          0|
    |ap_enable_reg_pp0_iter394         |   1|   0|    1|          0|
    |ap_enable_reg_pp0_iter395         |   1|   0|    1|          0|
    |ap_enable_reg_pp0_iter396         |   1|   0|    1|          0|
    |ap_enable_reg_pp0_iter397         |   1|   0|    1|          0|
    |ap_enable_reg_pp0_iter398         |   1|   0|    1|          0|
    |ap_enable_reg_pp0_iter399         |   1|   0|    1|          0|
    |ap_enable_reg_pp0_iter4           |   1|   0|    1|          0|
    |ap_enable_reg_pp0_iter40          |   1|   0|    1|          0|
    |ap_enable_reg_pp0_iter400         |   1|   0|    1|          0|
    |ap_enable_reg_pp0_iter401         |   1|   0|    1|          0|
    |ap_enable_reg_pp0_iter402         |   1|   0|    1|          0|
    |ap_enable_reg_pp0_iter403         |   1|   0|    1|          0|
    |ap_enable_reg_pp0_iter404         |   1|   0|    1|          0|
    |ap_enable_reg_pp0_iter405         |   1|   0|    1|          0|
    |ap_enable_reg_pp0_iter406         |   1|   0|    1|          0|
    |ap_enable_reg_pp0_iter407         |   1|   0|    1|          0|
    |ap_enable_reg_pp0_iter408         |   1|   0|    1|          0|
    |ap_enable_reg_pp0_iter409         |   1|   0|    1|          0|
    |ap_enable_reg_pp0_iter41          |   1|   0|    1|          0|
    |ap_enable_reg_pp0_iter410         |   1|   0|    1|          0|
    |ap_enable_reg_pp0_iter411         |   1|   0|    1|          0|
    |ap_enable_reg_pp0_iter412         |   1|   0|    1|          0|
    |ap_enable_reg_pp0_iter413         |   1|   0|    1|          0|
    |ap_enable_reg_pp0_iter414         |   1|   0|    1|          0|
    |ap_enable_reg_pp0_iter415         |   1|   0|    1|          0|
    |ap_enable_reg_pp0_iter416         |   1|   0|    1|          0|
    |ap_enable_reg_pp0_iter417         |   1|   0|    1|          0|
    |ap_enable_reg_pp0_iter418         |   1|   0|    1|          0|
    |ap_enable_reg_pp0_iter419         |   1|   0|    1|          0|
    |ap_enable_reg_pp0_iter42          |   1|   0|    1|          0|
    |ap_enable_reg_pp0_iter420         |   1|   0|    1|          0|
    |ap_enable_reg_pp0_iter421         |   1|   0|    1|          0|
    |ap_enable_reg_pp0_iter422         |   1|   0|    1|          0|
    |ap_enable_reg_pp0_iter423         |   1|   0|    1|          0|
    |ap_enable_reg_pp0_iter424         |   1|   0|    1|          0|
    |ap_enable_reg_pp0_iter425         |   1|   0|    1|          0|
    |ap_enable_reg_pp0_iter426         |   1|   0|    1|          0|
    |ap_enable_reg_pp0_iter427         |   1|   0|    1|          0|
    |ap_enable_reg_pp0_iter428         |   1|   0|    1|          0|
    |ap_enable_reg_pp0_iter429         |   1|   0|    1|          0|
    |ap_enable_reg_pp0_iter43          |   1|   0|    1|          0|
    |ap_enable_reg_pp0_iter430         |   1|   0|    1|          0|
    |ap_enable_reg_pp0_iter431         |   1|   0|    1|          0|
    |ap_enable_reg_pp0_iter432         |   1|   0|    1|          0|
    |ap_enable_reg_pp0_iter433         |   1|   0|    1|          0|
    |ap_enable_reg_pp0_iter434         |   1|   0|    1|          0|
    |ap_enable_reg_pp0_iter435         |   1|   0|    1|          0|
    |ap_enable_reg_pp0_iter436         |   1|   0|    1|          0|
    |ap_enable_reg_pp0_iter437         |   1|   0|    1|          0|
    |ap_enable_reg_pp0_iter438         |   1|   0|    1|          0|
    |ap_enable_reg_pp0_iter439         |   1|   0|    1|          0|
    |ap_enable_reg_pp0_iter44          |   1|   0|    1|          0|
    |ap_enable_reg_pp0_iter440         |   1|   0|    1|          0|
    |ap_enable_reg_pp0_iter441         |   1|   0|    1|          0|
    |ap_enable_reg_pp0_iter442         |   1|   0|    1|          0|
    |ap_enable_reg_pp0_iter443         |   1|   0|    1|          0|
    |ap_enable_reg_pp0_iter444         |   1|   0|    1|          0|
    |ap_enable_reg_pp0_iter445         |   1|   0|    1|          0|
    |ap_enable_reg_pp0_iter446         |   1|   0|    1|          0|
    |ap_enable_reg_pp0_iter447         |   1|   0|    1|          0|
    |ap_enable_reg_pp0_iter448         |   1|   0|    1|          0|
    |ap_enable_reg_pp0_iter449         |   1|   0|    1|          0|
    |ap_enable_reg_pp0_iter45          |   1|   0|    1|          0|
    |ap_enable_reg_pp0_iter450         |   1|   0|    1|          0|
    |ap_enable_reg_pp0_iter451         |   1|   0|    1|          0|
    |ap_enable_reg_pp0_iter452         |   1|   0|    1|          0|
    |ap_enable_reg_pp0_iter453         |   1|   0|    1|          0|
    |ap_enable_reg_pp0_iter454         |   1|   0|    1|          0|
    |ap_enable_reg_pp0_iter455         |   1|   0|    1|          0|
    |ap_enable_reg_pp0_iter456         |   1|   0|    1|          0|
    |ap_enable_reg_pp0_iter457         |   1|   0|    1|          0|
    |ap_enable_reg_pp0_iter458         |   1|   0|    1|          0|
    |ap_enable_reg_pp0_iter459         |   1|   0|    1|          0|
    |ap_enable_reg_pp0_iter46          |   1|   0|    1|          0|
    |ap_enable_reg_pp0_iter460         |   1|   0|    1|          0|
    |ap_enable_reg_pp0_iter461         |   1|   0|    1|          0|
    |ap_enable_reg_pp0_iter462         |   1|   0|    1|          0|
    |ap_enable_reg_pp0_iter463         |   1|   0|    1|          0|
    |ap_enable_reg_pp0_iter464         |   1|   0|    1|          0|
    |ap_enable_reg_pp0_iter465         |   1|   0|    1|          0|
    |ap_enable_reg_pp0_iter466         |   1|   0|    1|          0|
    |ap_enable_reg_pp0_iter467         |   1|   0|    1|          0|
    |ap_enable_reg_pp0_iter468         |   1|   0|    1|          0|
    |ap_enable_reg_pp0_iter469         |   1|   0|    1|          0|
    |ap_enable_reg_pp0_iter47          |   1|   0|    1|          0|
    |ap_enable_reg_pp0_iter470         |   1|   0|    1|          0|
    |ap_enable_reg_pp0_iter471         |   1|   0|    1|          0|
    |ap_enable_reg_pp0_iter472         |   1|   0|    1|          0|
    |ap_enable_reg_pp0_iter473         |   1|   0|    1|          0|
    |ap_enable_reg_pp0_iter474         |   1|   0|    1|          0|
    |ap_enable_reg_pp0_iter475         |   1|   0|    1|          0|
    |ap_enable_reg_pp0_iter476         |   1|   0|    1|          0|
    |ap_enable_reg_pp0_iter477         |   1|   0|    1|          0|
    |ap_enable_reg_pp0_iter478         |   1|   0|    1|          0|
    |ap_enable_reg_pp0_iter479         |   1|   0|    1|          0|
    |ap_enable_reg_pp0_iter48          |   1|   0|    1|          0|
    |ap_enable_reg_pp0_iter480         |   1|   0|    1|          0|
    |ap_enable_reg_pp0_iter481         |   1|   0|    1|          0|
    |ap_enable_reg_pp0_iter482         |   1|   0|    1|          0|
    |ap_enable_reg_pp0_iter483         |   1|   0|    1|          0|
    |ap_enable_reg_pp0_iter484         |   1|   0|    1|          0|
    |ap_enable_reg_pp0_iter485         |   1|   0|    1|          0|
    |ap_enable_reg_pp0_iter486         |   1|   0|    1|          0|
    |ap_enable_reg_pp0_iter487         |   1|   0|    1|          0|
    |ap_enable_reg_pp0_iter488         |   1|   0|    1|          0|
    |ap_enable_reg_pp0_iter489         |   1|   0|    1|          0|
    |ap_enable_reg_pp0_iter49          |   1|   0|    1|          0|
    |ap_enable_reg_pp0_iter490         |   1|   0|    1|          0|
    |ap_enable_reg_pp0_iter491         |   1|   0|    1|          0|
    |ap_enable_reg_pp0_iter492         |   1|   0|    1|          0|
    |ap_enable_reg_pp0_iter493         |   1|   0|    1|          0|
    |ap_enable_reg_pp0_iter494         |   1|   0|    1|          0|
    |ap_enable_reg_pp0_iter495         |   1|   0|    1|          0|
    |ap_enable_reg_pp0_iter496         |   1|   0|    1|          0|
    |ap_enable_reg_pp0_iter497         |   1|   0|    1|          0|
    |ap_enable_reg_pp0_iter498         |   1|   0|    1|          0|
    |ap_enable_reg_pp0_iter499         |   1|   0|    1|          0|
    |ap_enable_reg_pp0_iter5           |   1|   0|    1|          0|
    |ap_enable_reg_pp0_iter50          |   1|   0|    1|          0|
    |ap_enable_reg_pp0_iter500         |   1|   0|    1|          0|
    |ap_enable_reg_pp0_iter501         |   1|   0|    1|          0|
    |ap_enable_reg_pp0_iter502         |   1|   0|    1|          0|
    |ap_enable_reg_pp0_iter503         |   1|   0|    1|          0|
    |ap_enable_reg_pp0_iter504         |   1|   0|    1|          0|
    |ap_enable_reg_pp0_iter505         |   1|   0|    1|          0|
    |ap_enable_reg_pp0_iter506         |   1|   0|    1|          0|
    |ap_enable_reg_pp0_iter507         |   1|   0|    1|          0|
    |ap_enable_reg_pp0_iter508         |   1|   0|    1|          0|
    |ap_enable_reg_pp0_iter509         |   1|   0|    1|          0|
    |ap_enable_reg_pp0_iter51          |   1|   0|    1|          0|
    |ap_enable_reg_pp0_iter510         |   1|   0|    1|          0|
    |ap_enable_reg_pp0_iter511         |   1|   0|    1|          0|
    |ap_enable_reg_pp0_iter512         |   1|   0|    1|          0|
    |ap_enable_reg_pp0_iter513         |   1|   0|    1|          0|
    |ap_enable_reg_pp0_iter514         |   1|   0|    1|          0|
    |ap_enable_reg_pp0_iter515         |   1|   0|    1|          0|
    |ap_enable_reg_pp0_iter516         |   1|   0|    1|          0|
    |ap_enable_reg_pp0_iter517         |   1|   0|    1|          0|
    |ap_enable_reg_pp0_iter518         |   1|   0|    1|          0|
    |ap_enable_reg_pp0_iter519         |   1|   0|    1|          0|
    |ap_enable_reg_pp0_iter52          |   1|   0|    1|          0|
    |ap_enable_reg_pp0_iter520         |   1|   0|    1|          0|
    |ap_enable_reg_pp0_iter521         |   1|   0|    1|          0|
    |ap_enable_reg_pp0_iter522         |   1|   0|    1|          0|
    |ap_enable_reg_pp0_iter523         |   1|   0|    1|          0|
    |ap_enable_reg_pp0_iter524         |   1|   0|    1|          0|
    |ap_enable_reg_pp0_iter525         |   1|   0|    1|          0|
    |ap_enable_reg_pp0_iter526         |   1|   0|    1|          0|
    |ap_enable_reg_pp0_iter527         |   1|   0|    1|          0|
    |ap_enable_reg_pp0_iter528         |   1|   0|    1|          0|
    |ap_enable_reg_pp0_iter529         |   1|   0|    1|          0|
    |ap_enable_reg_pp0_iter53          |   1|   0|    1|          0|
    |ap_enable_reg_pp0_iter530         |   1|   0|    1|          0|
    |ap_enable_reg_pp0_iter531         |   1|   0|    1|          0|
    |ap_enable_reg_pp0_iter532         |   1|   0|    1|          0|
    |ap_enable_reg_pp0_iter533         |   1|   0|    1|          0|
    |ap_enable_reg_pp0_iter534         |   1|   0|    1|          0|
    |ap_enable_reg_pp0_iter535         |   1|   0|    1|          0|
    |ap_enable_reg_pp0_iter536         |   1|   0|    1|          0|
    |ap_enable_reg_pp0_iter537         |   1|   0|    1|          0|
    |ap_enable_reg_pp0_iter538         |   1|   0|    1|          0|
    |ap_enable_reg_pp0_iter539         |   1|   0|    1|          0|
    |ap_enable_reg_pp0_iter54          |   1|   0|    1|          0|
    |ap_enable_reg_pp0_iter540         |   1|   0|    1|          0|
    |ap_enable_reg_pp0_iter541         |   1|   0|    1|          0|
    |ap_enable_reg_pp0_iter542         |   1|   0|    1|          0|
    |ap_enable_reg_pp0_iter543         |   1|   0|    1|          0|
    |ap_enable_reg_pp0_iter544         |   1|   0|    1|          0|
    |ap_enable_reg_pp0_iter545         |   1|   0|    1|          0|
    |ap_enable_reg_pp0_iter546         |   1|   0|    1|          0|
    |ap_enable_reg_pp0_iter547         |   1|   0|    1|          0|
    |ap_enable_reg_pp0_iter548         |   1|   0|    1|          0|
    |ap_enable_reg_pp0_iter549         |   1|   0|    1|          0|
    |ap_enable_reg_pp0_iter55          |   1|   0|    1|          0|
    |ap_enable_reg_pp0_iter550         |   1|   0|    1|          0|
    |ap_enable_reg_pp0_iter551         |   1|   0|    1|          0|
    |ap_enable_reg_pp0_iter552         |   1|   0|    1|          0|
    |ap_enable_reg_pp0_iter553         |   1|   0|    1|          0|
    |ap_enable_reg_pp0_iter554         |   1|   0|    1|          0|
    |ap_enable_reg_pp0_iter555         |   1|   0|    1|          0|
    |ap_enable_reg_pp0_iter556         |   1|   0|    1|          0|
    |ap_enable_reg_pp0_iter557         |   1|   0|    1|          0|
    |ap_enable_reg_pp0_iter558         |   1|   0|    1|          0|
    |ap_enable_reg_pp0_iter559         |   1|   0|    1|          0|
    |ap_enable_reg_pp0_iter56          |   1|   0|    1|          0|
    |ap_enable_reg_pp0_iter560         |   1|   0|    1|          0|
    |ap_enable_reg_pp0_iter561         |   1|   0|    1|          0|
    |ap_enable_reg_pp0_iter562         |   1|   0|    1|          0|
    |ap_enable_reg_pp0_iter563         |   1|   0|    1|          0|
    |ap_enable_reg_pp0_iter564         |   1|   0|    1|          0|
    |ap_enable_reg_pp0_iter565         |   1|   0|    1|          0|
    |ap_enable_reg_pp0_iter566         |   1|   0|    1|          0|
    |ap_enable_reg_pp0_iter567         |   1|   0|    1|          0|
    |ap_enable_reg_pp0_iter568         |   1|   0|    1|          0|
    |ap_enable_reg_pp0_iter569         |   1|   0|    1|          0|
    |ap_enable_reg_pp0_iter57          |   1|   0|    1|          0|
    |ap_enable_reg_pp0_iter570         |   1|   0|    1|          0|
    |ap_enable_reg_pp0_iter571         |   1|   0|    1|          0|
    |ap_enable_reg_pp0_iter572         |   1|   0|    1|          0|
    |ap_enable_reg_pp0_iter573         |   1|   0|    1|          0|
    |ap_enable_reg_pp0_iter574         |   1|   0|    1|          0|
    |ap_enable_reg_pp0_iter575         |   1|   0|    1|          0|
    |ap_enable_reg_pp0_iter576         |   1|   0|    1|          0|
    |ap_enable_reg_pp0_iter577         |   1|   0|    1|          0|
    |ap_enable_reg_pp0_iter578         |   1|   0|    1|          0|
    |ap_enable_reg_pp0_iter579         |   1|   0|    1|          0|
    |ap_enable_reg_pp0_iter58          |   1|   0|    1|          0|
    |ap_enable_reg_pp0_iter580         |   1|   0|    1|          0|
    |ap_enable_reg_pp0_iter581         |   1|   0|    1|          0|
    |ap_enable_reg_pp0_iter582         |   1|   0|    1|          0|
    |ap_enable_reg_pp0_iter583         |   1|   0|    1|          0|
    |ap_enable_reg_pp0_iter584         |   1|   0|    1|          0|
    |ap_enable_reg_pp0_iter585         |   1|   0|    1|          0|
    |ap_enable_reg_pp0_iter586         |   1|   0|    1|          0|
    |ap_enable_reg_pp0_iter587         |   1|   0|    1|          0|
    |ap_enable_reg_pp0_iter588         |   1|   0|    1|          0|
    |ap_enable_reg_pp0_iter589         |   1|   0|    1|          0|
    |ap_enable_reg_pp0_iter59          |   1|   0|    1|          0|
    |ap_enable_reg_pp0_iter590         |   1|   0|    1|          0|
    |ap_enable_reg_pp0_iter591         |   1|   0|    1|          0|
    |ap_enable_reg_pp0_iter592         |   1|   0|    1|          0|
    |ap_enable_reg_pp0_iter593         |   1|   0|    1|          0|
    |ap_enable_reg_pp0_iter594         |   1|   0|    1|          0|
    |ap_enable_reg_pp0_iter595         |   1|   0|    1|          0|
    |ap_enable_reg_pp0_iter596         |   1|   0|    1|          0|
    |ap_enable_reg_pp0_iter597         |   1|   0|    1|          0|
    |ap_enable_reg_pp0_iter598         |   1|   0|    1|          0|
    |ap_enable_reg_pp0_iter599         |   1|   0|    1|          0|
    |ap_enable_reg_pp0_iter6           |   1|   0|    1|          0|
    |ap_enable_reg_pp0_iter60          |   1|   0|    1|          0|
    |ap_enable_reg_pp0_iter600         |   1|   0|    1|          0|
    |ap_enable_reg_pp0_iter601         |   1|   0|    1|          0|
    |ap_enable_reg_pp0_iter602         |   1|   0|    1|          0|
    |ap_enable_reg_pp0_iter603         |   1|   0|    1|          0|
    |ap_enable_reg_pp0_iter604         |   1|   0|    1|          0|
    |ap_enable_reg_pp0_iter605         |   1|   0|    1|          0|
    |ap_enable_reg_pp0_iter606         |   1|   0|    1|          0|
    |ap_enable_reg_pp0_iter607         |   1|   0|    1|          0|
    |ap_enable_reg_pp0_iter608         |   1|   0|    1|          0|
    |ap_enable_reg_pp0_iter609         |   1|   0|    1|          0|
    |ap_enable_reg_pp0_iter61          |   1|   0|    1|          0|
    |ap_enable_reg_pp0_iter610         |   1|   0|    1|          0|
    |ap_enable_reg_pp0_iter611         |   1|   0|    1|          0|
    |ap_enable_reg_pp0_iter612         |   1|   0|    1|          0|
    |ap_enable_reg_pp0_iter613         |   1|   0|    1|          0|
    |ap_enable_reg_pp0_iter614         |   1|   0|    1|          0|
    |ap_enable_reg_pp0_iter615         |   1|   0|    1|          0|
    |ap_enable_reg_pp0_iter616         |   1|   0|    1|          0|
    |ap_enable_reg_pp0_iter617         |   1|   0|    1|          0|
    |ap_enable_reg_pp0_iter618         |   1|   0|    1|          0|
    |ap_enable_reg_pp0_iter619         |   1|   0|    1|          0|
    |ap_enable_reg_pp0_iter62          |   1|   0|    1|          0|
    |ap_enable_reg_pp0_iter620         |   1|   0|    1|          0|
    |ap_enable_reg_pp0_iter621         |   1|   0|    1|          0|
    |ap_enable_reg_pp0_iter622         |   1|   0|    1|          0|
    |ap_enable_reg_pp0_iter623         |   1|   0|    1|          0|
    |ap_enable_reg_pp0_iter624         |   1|   0|    1|          0|
    |ap_enable_reg_pp0_iter625         |   1|   0|    1|          0|
    |ap_enable_reg_pp0_iter626         |   1|   0|    1|          0|
    |ap_enable_reg_pp0_iter627         |   1|   0|    1|          0|
    |ap_enable_reg_pp0_iter628         |   1|   0|    1|          0|
    |ap_enable_reg_pp0_iter629         |   1|   0|    1|          0|
    |ap_enable_reg_pp0_iter63          |   1|   0|    1|          0|
    |ap_enable_reg_pp0_iter630         |   1|   0|    1|          0|
    |ap_enable_reg_pp0_iter631         |   1|   0|    1|          0|
    |ap_enable_reg_pp0_iter632         |   1|   0|    1|          0|
    |ap_enable_reg_pp0_iter633         |   1|   0|    1|          0|
    |ap_enable_reg_pp0_iter634         |   1|   0|    1|          0|
    |ap_enable_reg_pp0_iter635         |   1|   0|    1|          0|
    |ap_enable_reg_pp0_iter636         |   1|   0|    1|          0|
    |ap_enable_reg_pp0_iter637         |   1|   0|    1|          0|
    |ap_enable_reg_pp0_iter638         |   1|   0|    1|          0|
    |ap_enable_reg_pp0_iter639         |   1|   0|    1|          0|
    |ap_enable_reg_pp0_iter64          |   1|   0|    1|          0|
    |ap_enable_reg_pp0_iter640         |   1|   0|    1|          0|
    |ap_enable_reg_pp0_iter641         |   1|   0|    1|          0|
    |ap_enable_reg_pp0_iter642         |   1|   0|    1|          0|
    |ap_enable_reg_pp0_iter643         |   1|   0|    1|          0|
    |ap_enable_reg_pp0_iter644         |   1|   0|    1|          0|
    |ap_enable_reg_pp0_iter645         |   1|   0|    1|          0|
    |ap_enable_reg_pp0_iter646         |   1|   0|    1|          0|
    |ap_enable_reg_pp0_iter647         |   1|   0|    1|          0|
    |ap_enable_reg_pp0_iter648         |   1|   0|    1|          0|
    |ap_enable_reg_pp0_iter649         |   1|   0|    1|          0|
    |ap_enable_reg_pp0_iter65          |   1|   0|    1|          0|
    |ap_enable_reg_pp0_iter650         |   1|   0|    1|          0|
    |ap_enable_reg_pp0_iter651         |   1|   0|    1|          0|
    |ap_enable_reg_pp0_iter652         |   1|   0|    1|          0|
    |ap_enable_reg_pp0_iter653         |   1|   0|    1|          0|
    |ap_enable_reg_pp0_iter654         |   1|   0|    1|          0|
    |ap_enable_reg_pp0_iter655         |   1|   0|    1|          0|
    |ap_enable_reg_pp0_iter656         |   1|   0|    1|          0|
    |ap_enable_reg_pp0_iter657         |   1|   0|    1|          0|
    |ap_enable_reg_pp0_iter658         |   1|   0|    1|          0|
    |ap_enable_reg_pp0_iter659         |   1|   0|    1|          0|
    |ap_enable_reg_pp0_iter66          |   1|   0|    1|          0|
    |ap_enable_reg_pp0_iter660         |   1|   0|    1|          0|
    |ap_enable_reg_pp0_iter661         |   1|   0|    1|          0|
    |ap_enable_reg_pp0_iter662         |   1|   0|    1|          0|
    |ap_enable_reg_pp0_iter663         |   1|   0|    1|          0|
    |ap_enable_reg_pp0_iter664         |   1|   0|    1|          0|
    |ap_enable_reg_pp0_iter665         |   1|   0|    1|          0|
    |ap_enable_reg_pp0_iter666         |   1|   0|    1|          0|
    |ap_enable_reg_pp0_iter667         |   1|   0|    1|          0|
    |ap_enable_reg_pp0_iter668         |   1|   0|    1|          0|
    |ap_enable_reg_pp0_iter669         |   1|   0|    1|          0|
    |ap_enable_reg_pp0_iter67          |   1|   0|    1|          0|
    |ap_enable_reg_pp0_iter670         |   1|   0|    1|          0|
    |ap_enable_reg_pp0_iter671         |   1|   0|    1|          0|
    |ap_enable_reg_pp0_iter672         |   1|   0|    1|          0|
    |ap_enable_reg_pp0_iter673         |   1|   0|    1|          0|
    |ap_enable_reg_pp0_iter674         |   1|   0|    1|          0|
    |ap_enable_reg_pp0_iter675         |   1|   0|    1|          0|
    |ap_enable_reg_pp0_iter676         |   1|   0|    1|          0|
    |ap_enable_reg_pp0_iter677         |   1|   0|    1|          0|
    |ap_enable_reg_pp0_iter678         |   1|   0|    1|          0|
    |ap_enable_reg_pp0_iter679         |   1|   0|    1|          0|
    |ap_enable_reg_pp0_iter68          |   1|   0|    1|          0|
    |ap_enable_reg_pp0_iter680         |   1|   0|    1|          0|
    |ap_enable_reg_pp0_iter681         |   1|   0|    1|          0|
    |ap_enable_reg_pp0_iter682         |   1|   0|    1|          0|
    |ap_enable_reg_pp0_iter683         |   1|   0|    1|          0|
    |ap_enable_reg_pp0_iter684         |   1|   0|    1|          0|
    |ap_enable_reg_pp0_iter685         |   1|   0|    1|          0|
    |ap_enable_reg_pp0_iter686         |   1|   0|    1|          0|
    |ap_enable_reg_pp0_iter687         |   1|   0|    1|          0|
    |ap_enable_reg_pp0_iter688         |   1|   0|    1|          0|
    |ap_enable_reg_pp0_iter689         |   1|   0|    1|          0|
    |ap_enable_reg_pp0_iter69          |   1|   0|    1|          0|
    |ap_enable_reg_pp0_iter690         |   1|   0|    1|          0|
    |ap_enable_reg_pp0_iter691         |   1|   0|    1|          0|
    |ap_enable_reg_pp0_iter692         |   1|   0|    1|          0|
    |ap_enable_reg_pp0_iter693         |   1|   0|    1|          0|
    |ap_enable_reg_pp0_iter694         |   1|   0|    1|          0|
    |ap_enable_reg_pp0_iter695         |   1|   0|    1|          0|
    |ap_enable_reg_pp0_iter696         |   1|   0|    1|          0|
    |ap_enable_reg_pp0_iter697         |   1|   0|    1|          0|
    |ap_enable_reg_pp0_iter698         |   1|   0|    1|          0|
    |ap_enable_reg_pp0_iter699         |   1|   0|    1|          0|
    |ap_enable_reg_pp0_iter7           |   1|   0|    1|          0|
    |ap_enable_reg_pp0_iter70          |   1|   0|    1|          0|
    |ap_enable_reg_pp0_iter700         |   1|   0|    1|          0|
    |ap_enable_reg_pp0_iter701         |   1|   0|    1|          0|
    |ap_enable_reg_pp0_iter702         |   1|   0|    1|          0|
    |ap_enable_reg_pp0_iter703         |   1|   0|    1|          0|
    |ap_enable_reg_pp0_iter704         |   1|   0|    1|          0|
    |ap_enable_reg_pp0_iter705         |   1|   0|    1|          0|
    |ap_enable_reg_pp0_iter706         |   1|   0|    1|          0|
    |ap_enable_reg_pp0_iter707         |   1|   0|    1|          0|
    |ap_enable_reg_pp0_iter708         |   1|   0|    1|          0|
    |ap_enable_reg_pp0_iter709         |   1|   0|    1|          0|
    |ap_enable_reg_pp0_iter71          |   1|   0|    1|          0|
    |ap_enable_reg_pp0_iter710         |   1|   0|    1|          0|
    |ap_enable_reg_pp0_iter711         |   1|   0|    1|          0|
    |ap_enable_reg_pp0_iter712         |   1|   0|    1|          0|
    |ap_enable_reg_pp0_iter713         |   1|   0|    1|          0|
    |ap_enable_reg_pp0_iter714         |   1|   0|    1|          0|
    |ap_enable_reg_pp0_iter715         |   1|   0|    1|          0|
    |ap_enable_reg_pp0_iter716         |   1|   0|    1|          0|
    |ap_enable_reg_pp0_iter717         |   1|   0|    1|          0|
    |ap_enable_reg_pp0_iter718         |   1|   0|    1|          0|
    |ap_enable_reg_pp0_iter719         |   1|   0|    1|          0|
    |ap_enable_reg_pp0_iter72          |   1|   0|    1|          0|
    |ap_enable_reg_pp0_iter720         |   1|   0|    1|          0|
    |ap_enable_reg_pp0_iter721         |   1|   0|    1|          0|
    |ap_enable_reg_pp0_iter722         |   1|   0|    1|          0|
    |ap_enable_reg_pp0_iter723         |   1|   0|    1|          0|
    |ap_enable_reg_pp0_iter724         |   1|   0|    1|          0|
    |ap_enable_reg_pp0_iter725         |   1|   0|    1|          0|
    |ap_enable_reg_pp0_iter726         |   1|   0|    1|          0|
    |ap_enable_reg_pp0_iter727         |   1|   0|    1|          0|
    |ap_enable_reg_pp0_iter728         |   1|   0|    1|          0|
    |ap_enable_reg_pp0_iter729         |   1|   0|    1|          0|
    |ap_enable_reg_pp0_iter73          |   1|   0|    1|          0|
    |ap_enable_reg_pp0_iter730         |   1|   0|    1|          0|
    |ap_enable_reg_pp0_iter731         |   1|   0|    1|          0|
    |ap_enable_reg_pp0_iter732         |   1|   0|    1|          0|
    |ap_enable_reg_pp0_iter733         |   1|   0|    1|          0|
    |ap_enable_reg_pp0_iter734         |   1|   0|    1|          0|
    |ap_enable_reg_pp0_iter735         |   1|   0|    1|          0|
    |ap_enable_reg_pp0_iter736         |   1|   0|    1|          0|
    |ap_enable_reg_pp0_iter737         |   1|   0|    1|          0|
    |ap_enable_reg_pp0_iter738         |   1|   0|    1|          0|
    |ap_enable_reg_pp0_iter739         |   1|   0|    1|          0|
    |ap_enable_reg_pp0_iter74          |   1|   0|    1|          0|
    |ap_enable_reg_pp0_iter740         |   1|   0|    1|          0|
    |ap_enable_reg_pp0_iter741         |   1|   0|    1|          0|
    |ap_enable_reg_pp0_iter742         |   1|   0|    1|          0|
    |ap_enable_reg_pp0_iter743         |   1|   0|    1|          0|
    |ap_enable_reg_pp0_iter744         |   1|   0|    1|          0|
    |ap_enable_reg_pp0_iter745         |   1|   0|    1|          0|
    |ap_enable_reg_pp0_iter746         |   1|   0|    1|          0|
    |ap_enable_reg_pp0_iter747         |   1|   0|    1|          0|
    |ap_enable_reg_pp0_iter748         |   1|   0|    1|          0|
    |ap_enable_reg_pp0_iter749         |   1|   0|    1|          0|
    |ap_enable_reg_pp0_iter75          |   1|   0|    1|          0|
    |ap_enable_reg_pp0_iter750         |   1|   0|    1|          0|
    |ap_enable_reg_pp0_iter751         |   1|   0|    1|          0|
    |ap_enable_reg_pp0_iter752         |   1|   0|    1|          0|
    |ap_enable_reg_pp0_iter753         |   1|   0|    1|          0|
    |ap_enable_reg_pp0_iter754         |   1|   0|    1|          0|
    |ap_enable_reg_pp0_iter755         |   1|   0|    1|          0|
    |ap_enable_reg_pp0_iter756         |   1|   0|    1|          0|
    |ap_enable_reg_pp0_iter757         |   1|   0|    1|          0|
    |ap_enable_reg_pp0_iter758         |   1|   0|    1|          0|
    |ap_enable_reg_pp0_iter759         |   1|   0|    1|          0|
    |ap_enable_reg_pp0_iter76          |   1|   0|    1|          0|
    |ap_enable_reg_pp0_iter760         |   1|   0|    1|          0|
    |ap_enable_reg_pp0_iter761         |   1|   0|    1|          0|
    |ap_enable_reg_pp0_iter762         |   1|   0|    1|          0|
    |ap_enable_reg_pp0_iter763         |   1|   0|    1|          0|
    |ap_enable_reg_pp0_iter764         |   1|   0|    1|          0|
    |ap_enable_reg_pp0_iter765         |   1|   0|    1|          0|
    |ap_enable_reg_pp0_iter766         |   1|   0|    1|          0|
    |ap_enable_reg_pp0_iter767         |   1|   0|    1|          0|
    |ap_enable_reg_pp0_iter768         |   1|   0|    1|          0|
    |ap_enable_reg_pp0_iter769         |   1|   0|    1|          0|
    |ap_enable_reg_pp0_iter77          |   1|   0|    1|          0|
    |ap_enable_reg_pp0_iter770         |   1|   0|    1|          0|
    |ap_enable_reg_pp0_iter771         |   1|   0|    1|          0|
    |ap_enable_reg_pp0_iter772         |   1|   0|    1|          0|
    |ap_enable_reg_pp0_iter773         |   1|   0|    1|          0|
    |ap_enable_reg_pp0_iter774         |   1|   0|    1|          0|
    |ap_enable_reg_pp0_iter775         |   1|   0|    1|          0|
    |ap_enable_reg_pp0_iter776         |   1|   0|    1|          0|
    |ap_enable_reg_pp0_iter777         |   1|   0|    1|          0|
    |ap_enable_reg_pp0_iter778         |   1|   0|    1|          0|
    |ap_enable_reg_pp0_iter779         |   1|   0|    1|          0|
    |ap_enable_reg_pp0_iter78          |   1|   0|    1|          0|
    |ap_enable_reg_pp0_iter780         |   1|   0|    1|          0|
    |ap_enable_reg_pp0_iter781         |   1|   0|    1|          0|
    |ap_enable_reg_pp0_iter782         |   1|   0|    1|          0|
    |ap_enable_reg_pp0_iter783         |   1|   0|    1|          0|
    |ap_enable_reg_pp0_iter784         |   1|   0|    1|          0|
    |ap_enable_reg_pp0_iter785         |   1|   0|    1|          0|
    |ap_enable_reg_pp0_iter786         |   1|   0|    1|          0|
    |ap_enable_reg_pp0_iter787         |   1|   0|    1|          0|
    |ap_enable_reg_pp0_iter788         |   1|   0|    1|          0|
    |ap_enable_reg_pp0_iter789         |   1|   0|    1|          0|
    |ap_enable_reg_pp0_iter79          |   1|   0|    1|          0|
    |ap_enable_reg_pp0_iter790         |   1|   0|    1|          0|
    |ap_enable_reg_pp0_iter791         |   1|   0|    1|          0|
    |ap_enable_reg_pp0_iter792         |   1|   0|    1|          0|
    |ap_enable_reg_pp0_iter793         |   1|   0|    1|          0|
    |ap_enable_reg_pp0_iter794         |   1|   0|    1|          0|
    |ap_enable_reg_pp0_iter795         |   1|   0|    1|          0|
    |ap_enable_reg_pp0_iter796         |   1|   0|    1|          0|
    |ap_enable_reg_pp0_iter797         |   1|   0|    1|          0|
    |ap_enable_reg_pp0_iter798         |   1|   0|    1|          0|
    |ap_enable_reg_pp0_iter799         |   1|   0|    1|          0|
    |ap_enable_reg_pp0_iter8           |   1|   0|    1|          0|
    |ap_enable_reg_pp0_iter80          |   1|   0|    1|          0|
    |ap_enable_reg_pp0_iter800         |   1|   0|    1|          0|
    |ap_enable_reg_pp0_iter801         |   1|   0|    1|          0|
    |ap_enable_reg_pp0_iter802         |   1|   0|    1|          0|
    |ap_enable_reg_pp0_iter803         |   1|   0|    1|          0|
    |ap_enable_reg_pp0_iter804         |   1|   0|    1|          0|
    |ap_enable_reg_pp0_iter805         |   1|   0|    1|          0|
    |ap_enable_reg_pp0_iter806         |   1|   0|    1|          0|
    |ap_enable_reg_pp0_iter807         |   1|   0|    1|          0|
    |ap_enable_reg_pp0_iter808         |   1|   0|    1|          0|
    |ap_enable_reg_pp0_iter809         |   1|   0|    1|          0|
    |ap_enable_reg_pp0_iter81          |   1|   0|    1|          0|
    |ap_enable_reg_pp0_iter810         |   1|   0|    1|          0|
    |ap_enable_reg_pp0_iter811         |   1|   0|    1|          0|
    |ap_enable_reg_pp0_iter812         |   1|   0|    1|          0|
    |ap_enable_reg_pp0_iter813         |   1|   0|    1|          0|
    |ap_enable_reg_pp0_iter814         |   1|   0|    1|          0|
    |ap_enable_reg_pp0_iter815         |   1|   0|    1|          0|
    |ap_enable_reg_pp0_iter816         |   1|   0|    1|          0|
    |ap_enable_reg_pp0_iter817         |   1|   0|    1|          0|
    |ap_enable_reg_pp0_iter818         |   1|   0|    1|          0|
    |ap_enable_reg_pp0_iter819         |   1|   0|    1|          0|
    |ap_enable_reg_pp0_iter82          |   1|   0|    1|          0|
    |ap_enable_reg_pp0_iter820         |   1|   0|    1|          0|
    |ap_enable_reg_pp0_iter821         |   1|   0|    1|          0|
    |ap_enable_reg_pp0_iter822         |   1|   0|    1|          0|
    |ap_enable_reg_pp0_iter823         |   1|   0|    1|          0|
    |ap_enable_reg_pp0_iter824         |   1|   0|    1|          0|
    |ap_enable_reg_pp0_iter825         |   1|   0|    1|          0|
    |ap_enable_reg_pp0_iter826         |   1|   0|    1|          0|
    |ap_enable_reg_pp0_iter827         |   1|   0|    1|          0|
    |ap_enable_reg_pp0_iter828         |   1|   0|    1|          0|
    |ap_enable_reg_pp0_iter829         |   1|   0|    1|          0|
    |ap_enable_reg_pp0_iter83          |   1|   0|    1|          0|
    |ap_enable_reg_pp0_iter830         |   1|   0|    1|          0|
    |ap_enable_reg_pp0_iter831         |   1|   0|    1|          0|
    |ap_enable_reg_pp0_iter832         |   1|   0|    1|          0|
    |ap_enable_reg_pp0_iter833         |   1|   0|    1|          0|
    |ap_enable_reg_pp0_iter834         |   1|   0|    1|          0|
    |ap_enable_reg_pp0_iter835         |   1|   0|    1|          0|
    |ap_enable_reg_pp0_iter836         |   1|   0|    1|          0|
    |ap_enable_reg_pp0_iter837         |   1|   0|    1|          0|
    |ap_enable_reg_pp0_iter838         |   1|   0|    1|          0|
    |ap_enable_reg_pp0_iter839         |   1|   0|    1|          0|
    |ap_enable_reg_pp0_iter84          |   1|   0|    1|          0|
    |ap_enable_reg_pp0_iter840         |   1|   0|    1|          0|
    |ap_enable_reg_pp0_iter841         |   1|   0|    1|          0|
    |ap_enable_reg_pp0_iter842         |   1|   0|    1|          0|
    |ap_enable_reg_pp0_iter843         |   1|   0|    1|          0|
    |ap_enable_reg_pp0_iter844         |   1|   0|    1|          0|
    |ap_enable_reg_pp0_iter845         |   1|   0|    1|          0|
    |ap_enable_reg_pp0_iter846         |   1|   0|    1|          0|
    |ap_enable_reg_pp0_iter847         |   1|   0|    1|          0|
    |ap_enable_reg_pp0_iter848         |   1|   0|    1|          0|
    |ap_enable_reg_pp0_iter849         |   1|   0|    1|          0|
    |ap_enable_reg_pp0_iter85          |   1|   0|    1|          0|
    |ap_enable_reg_pp0_iter850         |   1|   0|    1|          0|
    |ap_enable_reg_pp0_iter851         |   1|   0|    1|          0|
    |ap_enable_reg_pp0_iter852         |   1|   0|    1|          0|
    |ap_enable_reg_pp0_iter853         |   1|   0|    1|          0|
    |ap_enable_reg_pp0_iter854         |   1|   0|    1|          0|
    |ap_enable_reg_pp0_iter855         |   1|   0|    1|          0|
    |ap_enable_reg_pp0_iter856         |   1|   0|    1|          0|
    |ap_enable_reg_pp0_iter857         |   1|   0|    1|          0|
    |ap_enable_reg_pp0_iter858         |   1|   0|    1|          0|
    |ap_enable_reg_pp0_iter859         |   1|   0|    1|          0|
    |ap_enable_reg_pp0_iter86          |   1|   0|    1|          0|
    |ap_enable_reg_pp0_iter860         |   1|   0|    1|          0|
    |ap_enable_reg_pp0_iter861         |   1|   0|    1|          0|
    |ap_enable_reg_pp0_iter862         |   1|   0|    1|          0|
    |ap_enable_reg_pp0_iter863         |   1|   0|    1|          0|
    |ap_enable_reg_pp0_iter864         |   1|   0|    1|          0|
    |ap_enable_reg_pp0_iter865         |   1|   0|    1|          0|
    |ap_enable_reg_pp0_iter866         |   1|   0|    1|          0|
    |ap_enable_reg_pp0_iter867         |   1|   0|    1|          0|
    |ap_enable_reg_pp0_iter868         |   1|   0|    1|          0|
    |ap_enable_reg_pp0_iter869         |   1|   0|    1|          0|
    |ap_enable_reg_pp0_iter87          |   1|   0|    1|          0|
    |ap_enable_reg_pp0_iter870         |   1|   0|    1|          0|
    |ap_enable_reg_pp0_iter871         |   1|   0|    1|          0|
    |ap_enable_reg_pp0_iter872         |   1|   0|    1|          0|
    |ap_enable_reg_pp0_iter873         |   1|   0|    1|          0|
    |ap_enable_reg_pp0_iter874         |   1|   0|    1|          0|
    |ap_enable_reg_pp0_iter875         |   1|   0|    1|          0|
    |ap_enable_reg_pp0_iter876         |   1|   0|    1|          0|
    |ap_enable_reg_pp0_iter877         |   1|   0|    1|          0|
    |ap_enable_reg_pp0_iter878         |   1|   0|    1|          0|
    |ap_enable_reg_pp0_iter879         |   1|   0|    1|          0|
    |ap_enable_reg_pp0_iter88          |   1|   0|    1|          0|
    |ap_enable_reg_pp0_iter880         |   1|   0|    1|          0|
    |ap_enable_reg_pp0_iter881         |   1|   0|    1|          0|
    |ap_enable_reg_pp0_iter882         |   1|   0|    1|          0|
    |ap_enable_reg_pp0_iter883         |   1|   0|    1|          0|
    |ap_enable_reg_pp0_iter884         |   1|   0|    1|          0|
    |ap_enable_reg_pp0_iter885         |   1|   0|    1|          0|
    |ap_enable_reg_pp0_iter886         |   1|   0|    1|          0|
    |ap_enable_reg_pp0_iter887         |   1|   0|    1|          0|
    |ap_enable_reg_pp0_iter888         |   1|   0|    1|          0|
    |ap_enable_reg_pp0_iter889         |   1|   0|    1|          0|
    |ap_enable_reg_pp0_iter89          |   1|   0|    1|          0|
    |ap_enable_reg_pp0_iter890         |   1|   0|    1|          0|
    |ap_enable_reg_pp0_iter891         |   1|   0|    1|          0|
    |ap_enable_reg_pp0_iter892         |   1|   0|    1|          0|
    |ap_enable_reg_pp0_iter893         |   1|   0|    1|          0|
    |ap_enable_reg_pp0_iter894         |   1|   0|    1|          0|
    |ap_enable_reg_pp0_iter895         |   1|   0|    1|          0|
    |ap_enable_reg_pp0_iter896         |   1|   0|    1|          0|
    |ap_enable_reg_pp0_iter897         |   1|   0|    1|          0|
    |ap_enable_reg_pp0_iter898         |   1|   0|    1|          0|
    |ap_enable_reg_pp0_iter899         |   1|   0|    1|          0|
    |ap_enable_reg_pp0_iter9           |   1|   0|    1|          0|
    |ap_enable_reg_pp0_iter90          |   1|   0|    1|          0|
    |ap_enable_reg_pp0_iter900         |   1|   0|    1|          0|
    |ap_enable_reg_pp0_iter901         |   1|   0|    1|          0|
    |ap_enable_reg_pp0_iter902         |   1|   0|    1|          0|
    |ap_enable_reg_pp0_iter903         |   1|   0|    1|          0|
    |ap_enable_reg_pp0_iter904         |   1|   0|    1|          0|
    |ap_enable_reg_pp0_iter905         |   1|   0|    1|          0|
    |ap_enable_reg_pp0_iter906         |   1|   0|    1|          0|
    |ap_enable_reg_pp0_iter907         |   1|   0|    1|          0|
    |ap_enable_reg_pp0_iter908         |   1|   0|    1|          0|
    |ap_enable_reg_pp0_iter909         |   1|   0|    1|          0|
    |ap_enable_reg_pp0_iter91          |   1|   0|    1|          0|
    |ap_enable_reg_pp0_iter910         |   1|   0|    1|          0|
    |ap_enable_reg_pp0_iter911         |   1|   0|    1|          0|
    |ap_enable_reg_pp0_iter912         |   1|   0|    1|          0|
    |ap_enable_reg_pp0_iter913         |   1|   0|    1|          0|
    |ap_enable_reg_pp0_iter914         |   1|   0|    1|          0|
    |ap_enable_reg_pp0_iter915         |   1|   0|    1|          0|
    |ap_enable_reg_pp0_iter916         |   1|   0|    1|          0|
    |ap_enable_reg_pp0_iter917         |   1|   0|    1|          0|
    |ap_enable_reg_pp0_iter918         |   1|   0|    1|          0|
    |ap_enable_reg_pp0_iter919         |   1|   0|    1|          0|
    |ap_enable_reg_pp0_iter92          |   1|   0|    1|          0|
    |ap_enable_reg_pp0_iter920         |   1|   0|    1|          0|
    |ap_enable_reg_pp0_iter921         |   1|   0|    1|          0|
    |ap_enable_reg_pp0_iter922         |   1|   0|    1|          0|
    |ap_enable_reg_pp0_iter923         |   1|   0|    1|          0|
    |ap_enable_reg_pp0_iter924         |   1|   0|    1|          0|
    |ap_enable_reg_pp0_iter925         |   1|   0|    1|          0|
    |ap_enable_reg_pp0_iter926         |   1|   0|    1|          0|
    |ap_enable_reg_pp0_iter927         |   1|   0|    1|          0|
    |ap_enable_reg_pp0_iter928         |   1|   0|    1|          0|
    |ap_enable_reg_pp0_iter929         |   1|   0|    1|          0|
    |ap_enable_reg_pp0_iter93          |   1|   0|    1|          0|
    |ap_enable_reg_pp0_iter930         |   1|   0|    1|          0|
    |ap_enable_reg_pp0_iter931         |   1|   0|    1|          0|
    |ap_enable_reg_pp0_iter932         |   1|   0|    1|          0|
    |ap_enable_reg_pp0_iter933         |   1|   0|    1|          0|
    |ap_enable_reg_pp0_iter934         |   1|   0|    1|          0|
    |ap_enable_reg_pp0_iter935         |   1|   0|    1|          0|
    |ap_enable_reg_pp0_iter936         |   1|   0|    1|          0|
    |ap_enable_reg_pp0_iter937         |   1|   0|    1|          0|
    |ap_enable_reg_pp0_iter938         |   1|   0|    1|          0|
    |ap_enable_reg_pp0_iter939         |   1|   0|    1|          0|
    |ap_enable_reg_pp0_iter94          |   1|   0|    1|          0|
    |ap_enable_reg_pp0_iter940         |   1|   0|    1|          0|
    |ap_enable_reg_pp0_iter941         |   1|   0|    1|          0|
    |ap_enable_reg_pp0_iter942         |   1|   0|    1|          0|
    |ap_enable_reg_pp0_iter943         |   1|   0|    1|          0|
    |ap_enable_reg_pp0_iter944         |   1|   0|    1|          0|
    |ap_enable_reg_pp0_iter945         |   1|   0|    1|          0|
    |ap_enable_reg_pp0_iter946         |   1|   0|    1|          0|
    |ap_enable_reg_pp0_iter947         |   1|   0|    1|          0|
    |ap_enable_reg_pp0_iter948         |   1|   0|    1|          0|
    |ap_enable_reg_pp0_iter949         |   1|   0|    1|          0|
    |ap_enable_reg_pp0_iter95          |   1|   0|    1|          0|
    |ap_enable_reg_pp0_iter950         |   1|   0|    1|          0|
    |ap_enable_reg_pp0_iter951         |   1|   0|    1|          0|
    |ap_enable_reg_pp0_iter952         |   1|   0|    1|          0|
    |ap_enable_reg_pp0_iter953         |   1|   0|    1|          0|
    |ap_enable_reg_pp0_iter954         |   1|   0|    1|          0|
    |ap_enable_reg_pp0_iter955         |   1|   0|    1|          0|
    |ap_enable_reg_pp0_iter956         |   1|   0|    1|          0|
    |ap_enable_reg_pp0_iter957         |   1|   0|    1|          0|
    |ap_enable_reg_pp0_iter958         |   1|   0|    1|          0|
    |ap_enable_reg_pp0_iter959         |   1|   0|    1|          0|
    |ap_enable_reg_pp0_iter96          |   1|   0|    1|          0|
    |ap_enable_reg_pp0_iter960         |   1|   0|    1|          0|
    |ap_enable_reg_pp0_iter961         |   1|   0|    1|          0|
    |ap_enable_reg_pp0_iter962         |   1|   0|    1|          0|
    |ap_enable_reg_pp0_iter963         |   1|   0|    1|          0|
    |ap_enable_reg_pp0_iter964         |   1|   0|    1|          0|
    |ap_enable_reg_pp0_iter965         |   1|   0|    1|          0|
    |ap_enable_reg_pp0_iter966         |   1|   0|    1|          0|
    |ap_enable_reg_pp0_iter967         |   1|   0|    1|          0|
    |ap_enable_reg_pp0_iter968         |   1|   0|    1|          0|
    |ap_enable_reg_pp0_iter969         |   1|   0|    1|          0|
    |ap_enable_reg_pp0_iter97          |   1|   0|    1|          0|
    |ap_enable_reg_pp0_iter970         |   1|   0|    1|          0|
    |ap_enable_reg_pp0_iter971         |   1|   0|    1|          0|
    |ap_enable_reg_pp0_iter972         |   1|   0|    1|          0|
    |ap_enable_reg_pp0_iter973         |   1|   0|    1|          0|
    |ap_enable_reg_pp0_iter974         |   1|   0|    1|          0|
    |ap_enable_reg_pp0_iter975         |   1|   0|    1|          0|
    |ap_enable_reg_pp0_iter976         |   1|   0|    1|          0|
    |ap_enable_reg_pp0_iter977         |   1|   0|    1|          0|
    |ap_enable_reg_pp0_iter978         |   1|   0|    1|          0|
    |ap_enable_reg_pp0_iter979         |   1|   0|    1|          0|
    |ap_enable_reg_pp0_iter98          |   1|   0|    1|          0|
    |ap_enable_reg_pp0_iter980         |   1|   0|    1|          0|
    |ap_enable_reg_pp0_iter981         |   1|   0|    1|          0|
    |ap_enable_reg_pp0_iter982         |   1|   0|    1|          0|
    |ap_enable_reg_pp0_iter983         |   1|   0|    1|          0|
    |ap_enable_reg_pp0_iter984         |   1|   0|    1|          0|
    |ap_enable_reg_pp0_iter99          |   1|   0|    1|          0|
    |bound_reg_228                     |  64|   0|   64|          0|
    |empty_17_reg_257                  |   7|   0|    7|          0|
    |empty_17_reg_257_pp0_iter981_reg  |   7|   0|    7|          0|
    |empty_reg_223                     |   7|   0|    7|          0|
    |i_reg_109                         |  32|   0|   32|          0|
    |icmp_ln25_reg_233                 |   1|   0|    1|          0|
    |indvar_flatten_reg_98             |  64|   0|   64|          0|
    |j_reg_120                         |  32|   0|   32|          0|
    |select_ln25_1_reg_247             |  32|   0|   32|          0|
    |tilen_read_reg_218                |  32|   0|   32|          0|
    |C_read_reg_242                    |  64|  32|   32|          0|
    |icmp_ln25_reg_233                 |  64|  32|    1|          0|
    +----------------------------------+----+----+-----+-----------+
    |Total                             |1427|  64| 1332|          0|
    +----------------------------------+----+----+-----+-----------+



================================================================
== Interface
================================================================
* Summary: 
+------------------+-----+-----+------------+--------------+--------------+
|     RTL Ports    | Dir | Bits|  Protocol  | Source Object|    C Type    |
+------------------+-----+-----+------------+--------------+--------------+
|ap_clk            |  in |    1| ap_ctrl_hs |    store_c   | return value |
|ap_rst            |  in |    1| ap_ctrl_hs |    store_c   | return value |
|ap_start          |  in |    1| ap_ctrl_hs |    store_c   | return value |
|ap_done           | out |    1| ap_ctrl_hs |    store_c   | return value |
|ap_continue       |  in |    1| ap_ctrl_hs |    store_c   | return value |
|ap_idle           | out |    1| ap_ctrl_hs |    store_c   | return value |
|ap_ready          | out |    1| ap_ctrl_hs |    store_c   | return value |
|C_i               |  in |   32|  ap_stable |       C      |    pointer   |
|C_o               | out |   32|  ap_stable |       C      |    pointer   |
|C_o_ap_vld        | out |    1|  ap_stable |       C      |    pointer   |
|c_buf_address0    | out |    7|  ap_memory |     c_buf    |     array    |
|c_buf_ce0         | out |    1|  ap_memory |     c_buf    |     array    |
|c_buf_q0          |  in |   32|  ap_memory |     c_buf    |     array    |
|tilenumc_dout     |  in |   32|   ap_fifo  |   tilenumc   |    pointer   |
|tilenumc_empty_n  |  in |    1|   ap_fifo  |   tilenumc   |    pointer   |
|tilenumc_read     | out |    1|   ap_fifo  |   tilenumc   |    pointer   |
|tilen_dout        |  in |   32|   ap_fifo  |     tilen    |    pointer   |
|tilen_empty_n     |  in |    1|   ap_fifo  |     tilen    |    pointer   |
|tilen_read        | out |    1|   ap_fifo  |     tilen    |    pointer   |
+------------------+-----+-----+------------+--------------+--------------+

